// Jest Snapshot v1, https://goo.gl/fbAQLP

exports[`<ShowChart /> should otherwise match the expected snapshot 1`] = `
<div
  className="recharts-wrapper"
  onMouseEnter={[Function]}
  onMouseLeave={[Function]}
  onMouseMove={[Function]}
  onTouchEnd={[Function]}
  onTouchMove={[Function]}
  onTouchStart={[Function]}
  style={
    Object {
      "cursor": "default",
      "height": 500,
      "position": "relative",
      "width": 900,
    }
  }
>
  <svg
    className="recharts-surface"
    height={500}
    version="1.1"
    viewBox="0 0 900 500"
    width={900}
  >
    <defs>
      <clipPath
        id="recharts3-clip"
      >
        <rect
          height={460}
          width={790}
          x={80}
          y={5}
        />
      </clipPath>
    </defs>
    <g
      className="recharts-cartesian-grid"
    >
      <g
        className="recharts-cartesian-grid-horizontal"
      >
        <line
          fill="none"
          height={460}
          offset={
            Object {
              "bottom": 35,
              "brushBottom": 35,
              "height": 460,
              "left": 80,
              "right": 30,
              "top": 5,
              "width": 790,
            }
          }
          stroke="#ccc"
          strokeDasharray="3 3"
          width={790}
          x={80}
          x1={80}
          x2={870}
          y={5}
          y1={465}
          y2={465}
        />
        <line
          fill="none"
          height={460}
          offset={
            Object {
              "bottom": 35,
              "brushBottom": 35,
              "height": 460,
              "left": 80,
              "right": 30,
              "top": 5,
              "width": 790,
            }
          }
          stroke="#ccc"
          strokeDasharray="3 3"
          width={790}
          x={80}
          x1={80}
          x2={870}
          y={5}
          y1={350}
          y2={350}
        />
        <line
          fill="none"
          height={460}
          offset={
            Object {
              "bottom": 35,
              "brushBottom": 35,
              "height": 460,
              "left": 80,
              "right": 30,
              "top": 5,
              "width": 790,
            }
          }
          stroke="#ccc"
          strokeDasharray="3 3"
          width={790}
          x={80}
          x1={80}
          x2={870}
          y={5}
          y1={235}
          y2={235}
        />
        <line
          fill="none"
          height={460}
          offset={
            Object {
              "bottom": 35,
              "brushBottom": 35,
              "height": 460,
              "left": 80,
              "right": 30,
              "top": 5,
              "width": 790,
            }
          }
          stroke="#ccc"
          strokeDasharray="3 3"
          width={790}
          x={80}
          x1={80}
          x2={870}
          y={5}
          y1={120}
          y2={120}
        />
        <line
          fill="none"
          height={460}
          offset={
            Object {
              "bottom": 35,
              "brushBottom": 35,
              "height": 460,
              "left": 80,
              "right": 30,
              "top": 5,
              "width": 790,
            }
          }
          stroke="#ccc"
          strokeDasharray="3 3"
          width={790}
          x={80}
          x1={80}
          x2={870}
          y={5}
          y1={5}
          y2={5}
        />
      </g>
      <g
        className="recharts-cartesian-grid-vertical"
      >
        <line
          fill="none"
          height={460}
          offset={
            Object {
              "bottom": 35,
              "brushBottom": 35,
              "height": 460,
              "left": 80,
              "right": 30,
              "top": 5,
              "width": 790,
            }
          }
          stroke="#ccc"
          strokeDasharray="3 3"
          width={790}
          x={80}
          x1={80}
          x2={80}
          y={5}
          y1={5}
          y2={465}
        />
        <line
          fill="none"
          height={460}
          offset={
            Object {
              "bottom": 35,
              "brushBottom": 35,
              "height": 460,
              "left": 80,
              "right": 30,
              "top": 5,
              "width": 790,
            }
          }
          stroke="#ccc"
          strokeDasharray="3 3"
          width={790}
          x={80}
          x1={475}
          x2={475}
          y={5}
          y1={5}
          y2={465}
        />
        <line
          fill="none"
          height={460}
          offset={
            Object {
              "bottom": 35,
              "brushBottom": 35,
              "height": 460,
              "left": 80,
              "right": 30,
              "top": 5,
              "width": 790,
            }
          }
          stroke="#ccc"
          strokeDasharray="3 3"
          width={790}
          x={80}
          x1={870}
          x2={870}
          y={5}
          y1={5}
          y2={465}
        />
      </g>
    </g>
    <g
      className="recharts-layer recharts-cartesian-axis recharts-xAxis xAxis"
    >
      <line
        className="recharts-xAxis xAxis"
        fill="none"
        height={30}
        orientation="bottom"
        stroke="#666"
        type="category"
        viewBox={
          Object {
            "height": 500,
            "width": 900,
            "x": 0,
            "y": 0,
          }
        }
        width={790}
        x={80}
        x1={80}
        x2={870}
        y={465}
        y1={465}
        y2={465}
      />
      <g
        className="recharts-cartesian-axis-ticks"
      >
        <g
          className="recharts-layer recharts-cartesian-axis-tick"
        >
          <line
            className="recharts-xAxis xAxis"
            fill="none"
            height={30}
            orientation="bottom"
            stroke="#666"
            type="category"
            viewBox={
              Object {
                "height": 500,
                "width": 900,
                "x": 0,
                "y": 0,
              }
            }
            width={790}
            x={80}
            x1={80}
            x2={80}
            y={465}
            y1={471}
            y2={465}
          />
          <text
            className="recharts-text recharts-cartesian-axis-tick-value"
            fill="#666"
            height={30}
            orientation="bottom"
            stroke="none"
            textAnchor="middle"
            type="category"
            viewBox={
              Object {
                "height": 500,
                "width": 900,
                "x": 0,
                "y": 0,
              }
            }
            width={790}
            x={80}
            y={473}
          >
            <tspan
              dy="0.71em"
              x={80}
            >
              1
            </tspan>
          </text>
        </g>
        <g
          className="recharts-layer recharts-cartesian-axis-tick"
        >
          <line
            className="recharts-xAxis xAxis"
            fill="none"
            height={30}
            orientation="bottom"
            stroke="#666"
            type="category"
            viewBox={
              Object {
                "height": 500,
                "width": 900,
                "x": 0,
                "y": 0,
              }
            }
            width={790}
            x={80}
            x1={475}
            x2={475}
            y={465}
            y1={471}
            y2={465}
          />
          <text
            className="recharts-text recharts-cartesian-axis-tick-value"
            fill="#666"
            height={30}
            orientation="bottom"
            stroke="none"
            textAnchor="middle"
            type="category"
            viewBox={
              Object {
                "height": 500,
                "width": 900,
                "x": 0,
                "y": 0,
              }
            }
            width={790}
            x={475}
            y={473}
          >
            <tspan
              dy="0.71em"
              x={475}
            >
              2
            </tspan>
          </text>
        </g>
        <g
          className="recharts-layer recharts-cartesian-axis-tick"
        >
          <line
            className="recharts-xAxis xAxis"
            fill="none"
            height={30}
            orientation="bottom"
            stroke="#666"
            type="category"
            viewBox={
              Object {
                "height": 500,
                "width": 900,
                "x": 0,
                "y": 0,
              }
            }
            width={790}
            x={80}
            x1={870}
            x2={870}
            y={465}
            y1={471}
            y2={465}
          />
          <text
            className="recharts-text recharts-cartesian-axis-tick-value"
            fill="#666"
            height={30}
            orientation="bottom"
            stroke="none"
            textAnchor="middle"
            type="category"
            viewBox={
              Object {
                "height": 500,
                "width": 900,
                "x": 0,
                "y": 0,
              }
            }
            width={790}
            x={870}
            y={473}
          >
            <tspan
              dy="0.71em"
              x={870}
            >
              3
            </tspan>
          </text>
        </g>
      </g>
    </g>
    <g
      className="recharts-layer recharts-cartesian-axis recharts-yAxis yAxis"
    >
      <line
        className="recharts-yAxis yAxis"
        fill="none"
        height={460}
        orientation="left"
        stroke="#666"
        type="number"
        viewBox={
          Object {
            "height": 500,
            "width": 900,
            "x": 0,
            "y": 0,
          }
        }
        width={60}
        x={20}
        x1={80}
        x2={80}
        y={5}
        y1={5}
        y2={465}
      />
      <g
        className="recharts-cartesian-axis-ticks"
      >
        <g
          className="recharts-layer recharts-cartesian-axis-tick"
        >
          <line
            className="recharts-yAxis yAxis"
            fill="none"
            height={460}
            orientation="left"
            stroke="#666"
            type="number"
            viewBox={
              Object {
                "height": 500,
                "width": 900,
                "x": 0,
                "y": 0,
              }
            }
            width={60}
            x={20}
            x1={74}
            x2={80}
            y={5}
            y1={465}
            y2={465}
          />
          <text
            className="recharts-text recharts-cartesian-axis-tick-value"
            fill="#666"
            height={460}
            orientation="left"
            stroke="none"
            textAnchor="end"
            type="number"
            viewBox={
              Object {
                "height": 500,
                "width": 900,
                "x": 0,
                "y": 0,
              }
            }
            width={60}
            x={72}
            y={465}
          >
            <tspan
              dy="0.355em"
              x={72}
            >
              0
            </tspan>
          </text>
        </g>
        <g
          className="recharts-layer recharts-cartesian-axis-tick"
        >
          <line
            className="recharts-yAxis yAxis"
            fill="none"
            height={460}
            orientation="left"
            stroke="#666"
            type="number"
            viewBox={
              Object {
                "height": 500,
                "width": 900,
                "x": 0,
                "y": 0,
              }
            }
            width={60}
            x={20}
            x1={74}
            x2={80}
            y={5}
            y1={350}
            y2={350}
          />
          <text
            className="recharts-text recharts-cartesian-axis-tick-value"
            fill="#666"
            height={460}
            orientation="left"
            stroke="none"
            textAnchor="end"
            type="number"
            viewBox={
              Object {
                "height": 500,
                "width": 900,
                "x": 0,
                "y": 0,
              }
            }
            width={60}
            x={72}
            y={350}
          >
            <tspan
              dy="0.355em"
              x={72}
            >
              40
            </tspan>
          </text>
        </g>
        <g
          className="recharts-layer recharts-cartesian-axis-tick"
        >
          <line
            className="recharts-yAxis yAxis"
            fill="none"
            height={460}
            orientation="left"
            stroke="#666"
            type="number"
            viewBox={
              Object {
                "height": 500,
                "width": 900,
                "x": 0,
                "y": 0,
              }
            }
            width={60}
            x={20}
            x1={74}
            x2={80}
            y={5}
            y1={235}
            y2={235}
          />
          <text
            className="recharts-text recharts-cartesian-axis-tick-value"
            fill="#666"
            height={460}
            orientation="left"
            stroke="none"
            textAnchor="end"
            type="number"
            viewBox={
              Object {
                "height": 500,
                "width": 900,
                "x": 0,
                "y": 0,
              }
            }
            width={60}
            x={72}
            y={235}
          >
            <tspan
              dy="0.355em"
              x={72}
            >
              80
            </tspan>
          </text>
        </g>
        <g
          className="recharts-layer recharts-cartesian-axis-tick"
        >
          <line
            className="recharts-yAxis yAxis"
            fill="none"
            height={460}
            orientation="left"
            stroke="#666"
            type="number"
            viewBox={
              Object {
                "height": 500,
                "width": 900,
                "x": 0,
                "y": 0,
              }
            }
            width={60}
            x={20}
            x1={74}
            x2={80}
            y={5}
            y1={120}
            y2={120}
          />
          <text
            className="recharts-text recharts-cartesian-axis-tick-value"
            fill="#666"
            height={460}
            orientation="left"
            stroke="none"
            textAnchor="end"
            type="number"
            viewBox={
              Object {
                "height": 500,
                "width": 900,
                "x": 0,
                "y": 0,
              }
            }
            width={60}
            x={72}
            y={120}
          >
            <tspan
              dy="0.355em"
              x={72}
            >
              120
            </tspan>
          </text>
        </g>
        <g
          className="recharts-layer recharts-cartesian-axis-tick"
        >
          <line
            className="recharts-yAxis yAxis"
            fill="none"
            height={460}
            orientation="left"
            stroke="#666"
            type="number"
            viewBox={
              Object {
                "height": 500,
                "width": 900,
                "x": 0,
                "y": 0,
              }
            }
            width={60}
            x={20}
            x1={74}
            x2={80}
            y={5}
            y1={5}
            y2={5}
          />
          <text
            className="recharts-text recharts-cartesian-axis-tick-value"
            fill="#666"
            height={460}
            orientation="left"
            stroke="none"
            textAnchor="end"
            type="number"
            viewBox={
              Object {
                "height": 500,
                "width": 900,
                "x": 0,
                "y": 0,
              }
            }
            width={60}
            x={72}
            y={5}
          >
            <tspan
              dy="0.355em"
              x={72}
            >
              160
            </tspan>
          </text>
        </g>
      </g>
    </g>
    <g
      className="recharts-layer recharts-line"
    >
      <path
        className="recharts-curve recharts-line-curve"
        clipPath={null}
        d="M80,47.2817549386839C211.66666666666666,126.16535225095217,343.33333333333337,205.04894956322048,475,205.08066553322985C606.6666666666666,205.11238150323922,738.3333333333334,205.12031049574156,870,205.1282394882439"
        fill="none"
        height={460}
        onAnimationEnd={[Function]}
        onAnimationStart={[Function]}
        points={
          Array [
            Object {
              "payload": Object {
                "CAC40": 145.293302630023,
                "NASDAQ": 9.971326761277012,
                "index": 1,
                "timestamp": 1576096456540,
              },
              "value": 145.293302630023,
              "x": 80,
              "y": 47.2817549386839,
            },
            Object {
              "payload": Object {
                "CAC40": 90.40672503192006,
                "NASDAQ": 9.985167754304092,
                "index": 2,
                "timestamp": 1576096457561,
              },
              "value": 90.40672503192006,
              "x": 475,
              "y": 205.08066553322985,
            },
            Object {
              "payload": Object {
                "CAC40": 90.39017756930647,
                "NASDAQ": 9.981823896775474,
                "index": 3,
                "timestamp": 1576096458561,
              },
              "value": 90.39017756930647,
              "x": 870,
              "y": 205.1282394882439,
            },
          ]
        }
        stroke="#8884d8"
        strokeWidth={1}
        type="monotone"
        width={790}
      />
      <g
        className="recharts-layer recharts-line-dots"
        clipPath={null}
      >
        <circle
          className="recharts-dot recharts-line-dot"
          cx={80}
          cy={47.2817549386839}
          fill="#fff"
          height={460}
          points={
            Array [
              Object {
                "payload": Object {
                  "CAC40": 145.293302630023,
                  "NASDAQ": 9.971326761277012,
                  "index": 1,
                  "timestamp": 1576096456540,
                },
                "value": 145.293302630023,
                "x": 80,
                "y": 47.2817549386839,
              },
              Object {
                "payload": Object {
                  "CAC40": 90.40672503192006,
                  "NASDAQ": 9.985167754304092,
                  "index": 2,
                  "timestamp": 1576096457561,
                },
                "value": 90.40672503192006,
                "x": 475,
                "y": 205.08066553322985,
              },
              Object {
                "payload": Object {
                  "CAC40": 90.39017756930647,
                  "NASDAQ": 9.981823896775474,
                  "index": 3,
                  "timestamp": 1576096458561,
                },
                "value": 90.39017756930647,
                "x": 870,
                "y": 205.1282394882439,
              },
            ]
          }
          r={3}
          stroke="#8884d8"
          strokeWidth={1}
          type="monotone"
          width={790}
        />
        <circle
          className="recharts-dot recharts-line-dot"
          cx={475}
          cy={205.08066553322985}
          fill="#fff"
          height={460}
          points={
            Array [
              Object {
                "payload": Object {
                  "CAC40": 145.293302630023,
                  "NASDAQ": 9.971326761277012,
                  "index": 1,
                  "timestamp": 1576096456540,
                },
                "value": 145.293302630023,
                "x": 80,
                "y": 47.2817549386839,
              },
              Object {
                "payload": Object {
                  "CAC40": 90.40672503192006,
                  "NASDAQ": 9.985167754304092,
                  "index": 2,
                  "timestamp": 1576096457561,
                },
                "value": 90.40672503192006,
                "x": 475,
                "y": 205.08066553322985,
              },
              Object {
                "payload": Object {
                  "CAC40": 90.39017756930647,
                  "NASDAQ": 9.981823896775474,
                  "index": 3,
                  "timestamp": 1576096458561,
                },
                "value": 90.39017756930647,
                "x": 870,
                "y": 205.1282394882439,
              },
            ]
          }
          r={3}
          stroke="#8884d8"
          strokeWidth={1}
          type="monotone"
          width={790}
        />
        <circle
          className="recharts-dot recharts-line-dot"
          cx={870}
          cy={205.1282394882439}
          fill="#fff"
          height={460}
          points={
            Array [
              Object {
                "payload": Object {
                  "CAC40": 145.293302630023,
                  "NASDAQ": 9.971326761277012,
                  "index": 1,
                  "timestamp": 1576096456540,
                },
                "value": 145.293302630023,
                "x": 80,
                "y": 47.2817549386839,
              },
              Object {
                "payload": Object {
                  "CAC40": 90.40672503192006,
                  "NASDAQ": 9.985167754304092,
                  "index": 2,
                  "timestamp": 1576096457561,
                },
                "value": 90.40672503192006,
                "x": 475,
                "y": 205.08066553322985,
              },
              Object {
                "payload": Object {
                  "CAC40": 90.39017756930647,
                  "NASDAQ": 9.981823896775474,
                  "index": 3,
                  "timestamp": 1576096458561,
                },
                "value": 90.39017756930647,
                "x": 870,
                "y": 205.1282394882439,
              },
            ]
          }
          r={3}
          stroke="#8884d8"
          strokeWidth={1}
          type="monotone"
          width={790}
        />
      </g>
    </g>
    <g
      className="recharts-layer recharts-line"
    >
      <path
        className="recharts-curve recharts-line-curve"
        clipPath={null}
        d="M80,436.33243556132857C211.66666666666666,436.31253913385217,343.33333333333337,436.2926427063757,475,436.2926427063757C606.6666666666666,436.2926427063757,738.3333333333334,436.2974495015731,870,436.3022562967705"
        fill="none"
        height={460}
        onAnimationEnd={[Function]}
        onAnimationStart={[Function]}
        points={
          Array [
            Object {
              "payload": Object {
                "CAC40": 145.293302630023,
                "NASDAQ": 9.971326761277012,
                "index": 1,
                "timestamp": 1576096456540,
              },
              "value": 9.971326761277012,
              "x": 80,
              "y": 436.33243556132857,
            },
            Object {
              "payload": Object {
                "CAC40": 90.40672503192006,
                "NASDAQ": 9.985167754304092,
                "index": 2,
                "timestamp": 1576096457561,
              },
              "value": 9.985167754304092,
              "x": 475,
              "y": 436.2926427063757,
            },
            Object {
              "payload": Object {
                "CAC40": 90.39017756930647,
                "NASDAQ": 9.981823896775474,
                "index": 3,
                "timestamp": 1576096458561,
              },
              "value": 9.981823896775474,
              "x": 870,
              "y": 436.3022562967705,
            },
          ]
        }
        stroke="#82ca9d"
        strokeWidth={1}
        type="monotone"
        width={790}
      />
      <g
        className="recharts-layer recharts-line-dots"
        clipPath={null}
      >
        <circle
          className="recharts-dot recharts-line-dot"
          cx={80}
          cy={436.33243556132857}
          fill="#fff"
          height={460}
          points={
            Array [
              Object {
                "payload": Object {
                  "CAC40": 145.293302630023,
                  "NASDAQ": 9.971326761277012,
                  "index": 1,
                  "timestamp": 1576096456540,
                },
                "value": 9.971326761277012,
                "x": 80,
                "y": 436.33243556132857,
              },
              Object {
                "payload": Object {
                  "CAC40": 90.40672503192006,
                  "NASDAQ": 9.985167754304092,
                  "index": 2,
                  "timestamp": 1576096457561,
                },
                "value": 9.985167754304092,
                "x": 475,
                "y": 436.2926427063757,
              },
              Object {
                "payload": Object {
                  "CAC40": 90.39017756930647,
                  "NASDAQ": 9.981823896775474,
                  "index": 3,
                  "timestamp": 1576096458561,
                },
                "value": 9.981823896775474,
                "x": 870,
                "y": 436.3022562967705,
              },
            ]
          }
          r={3}
          stroke="#82ca9d"
          strokeWidth={1}
          type="monotone"
          width={790}
        />
        <circle
          className="recharts-dot recharts-line-dot"
          cx={475}
          cy={436.2926427063757}
          fill="#fff"
          height={460}
          points={
            Array [
              Object {
                "payload": Object {
                  "CAC40": 145.293302630023,
                  "NASDAQ": 9.971326761277012,
                  "index": 1,
                  "timestamp": 1576096456540,
                },
                "value": 9.971326761277012,
                "x": 80,
                "y": 436.33243556132857,
              },
              Object {
                "payload": Object {
                  "CAC40": 90.40672503192006,
                  "NASDAQ": 9.985167754304092,
                  "index": 2,
                  "timestamp": 1576096457561,
                },
                "value": 9.985167754304092,
                "x": 475,
                "y": 436.2926427063757,
              },
              Object {
                "payload": Object {
                  "CAC40": 90.39017756930647,
                  "NASDAQ": 9.981823896775474,
                  "index": 3,
                  "timestamp": 1576096458561,
                },
                "value": 9.981823896775474,
                "x": 870,
                "y": 436.3022562967705,
              },
            ]
          }
          r={3}
          stroke="#82ca9d"
          strokeWidth={1}
          type="monotone"
          width={790}
        />
        <circle
          className="recharts-dot recharts-line-dot"
          cx={870}
          cy={436.3022562967705}
          fill="#fff"
          height={460}
          points={
            Array [
              Object {
                "payload": Object {
                  "CAC40": 145.293302630023,
                  "NASDAQ": 9.971326761277012,
                  "index": 1,
                  "timestamp": 1576096456540,
                },
                "value": 9.971326761277012,
                "x": 80,
                "y": 436.33243556132857,
              },
              Object {
                "payload": Object {
                  "CAC40": 90.40672503192006,
                  "NASDAQ": 9.985167754304092,
                  "index": 2,
                  "timestamp": 1576096457561,
                },
                "value": 9.985167754304092,
                "x": 475,
                "y": 436.2926427063757,
              },
              Object {
                "payload": Object {
                  "CAC40": 90.39017756930647,
                  "NASDAQ": 9.981823896775474,
                  "index": 3,
                  "timestamp": 1576096458561,
                },
                "value": 9.981823896775474,
                "x": 870,
                "y": 436.3022562967705,
              },
            ]
          }
          r={3}
          stroke="#82ca9d"
          strokeWidth={1}
          type="monotone"
          width={790}
        />
      </g>
    </g>
  </svg>
  <div
    className="recharts-legend-wrapper"
    style={
      Object {
        "bottom": 5,
        "height": "auto",
        "left": 20,
        "position": "absolute",
        "width": 850,
      }
    }
  >
    <ul
      className="recharts-default-legend"
      style={
        Object {
          "margin": 0,
          "padding": 0,
          "textAlign": "center",
        }
      }
    >
      <li
        className="recharts-legend-item legend-item-0"
        style={
          Object {
            "display": "inline-block",
            "marginRight": 10,
          }
        }
      >
        <svg
          className="recharts-surface"
          height={14}
          style={
            Object {
              "display": "inline-block",
              "marginRight": 4,
              "verticalAlign": "middle",
            }
          }
          version="1.1"
          viewBox="0 0 32 32"
          width={14}
        >
          <path
            className="recharts-legend-icon"
            d="M0,16h10.666666666666666
            A5.333333333333333,5.333333333333333,0,1,1,21.333333333333332,16
            H32M21.333333333333332,16
            A5.333333333333333,5.333333333333333,0,1,1,10.666666666666666,16"
            fill="none"
            stroke="#8884d8"
            strokeWidth={4}
          />
        </svg>
        <span
          className="recharts-legend-item-text"
        >
          CAC40
        </span>
      </li>
      <li
        className="recharts-legend-item legend-item-1"
        style={
          Object {
            "display": "inline-block",
            "marginRight": 10,
          }
        }
      >
        <svg
          className="recharts-surface"
          height={14}
          style={
            Object {
              "display": "inline-block",
              "marginRight": 4,
              "verticalAlign": "middle",
            }
          }
          version="1.1"
          viewBox="0 0 32 32"
          width={14}
        >
          <path
            className="recharts-legend-icon"
            d="M0,16h10.666666666666666
            A5.333333333333333,5.333333333333333,0,1,1,21.333333333333332,16
            H32M21.333333333333332,16
            A5.333333333333333,5.333333333333333,0,1,1,10.666666666666666,16"
            fill="none"
            stroke="#82ca9d"
            strokeWidth={4}
          />
        </svg>
        <span
          className="recharts-legend-item-text"
        >
          NASDAQ
        </span>
      </li>
    </ul>
  </div>
  <div
    className="recharts-tooltip-wrapper"
    style={
      Object {
        "MozTransform": "translate(undefinedpx, undefinedpx)",
        "OTransform": "translate(undefinedpx, undefinedpx)",
        "WebkitTransform": "translate(undefinedpx, undefinedpx)",
        "msTransform": "translate(undefinedpx, undefinedpx)",
        "pointerEvents": "none",
        "position": "absolute",
        "top": 0,
        "transform": "translate(undefinedpx, undefinedpx)",
        "visibility": "hidden",
      }
    }
  >
    <div
      className="recharts-default-tooltip"
      style={
        Object {
          "backgroundColor": "#fff",
          "border": "1px solid #ccc",
          "margin": 0,
          "padding": 10,
          "whiteSpace": "nowrap",
        }
      }
    >
      <p
        className="recharts-tooltip-label"
        style={
          Object {
            "margin": 0,
          }
        }
      >
        
      </p>
    </div>
  </div>
</div>
`;

exports[`<ShowChart /> should render appropriately 1`] = `
<div
  className="recharts-wrapper"
  onMouseEnter={[Function]}
  onMouseLeave={[Function]}
  onMouseMove={[Function]}
  onTouchEnd={[Function]}
  onTouchMove={[Function]}
  onTouchStart={[Function]}
  style={
    Object {
      "cursor": "default",
      "height": 500,
      "position": "relative",
      "width": 900,
    }
  }
>
  <svg
    className="recharts-surface"
    height={500}
    version="1.1"
    viewBox="0 0 900 500"
    width={900}
  >
    <defs>
      <clipPath
        id="recharts3-clip"
      >
        <rect
          height={460}
          width={790}
          x={80}
          y={5}
        />
      </clipPath>
    </defs>
    <g
      className="recharts-cartesian-grid"
    >
      <g
        className="recharts-cartesian-grid-horizontal"
      >
        <line
          fill="none"
          height={460}
          offset={
            Object {
              "bottom": 35,
              "brushBottom": 35,
              "height": 460,
              "left": 80,
              "right": 30,
              "top": 5,
              "width": 790,
            }
          }
          stroke="#ccc"
          strokeDasharray="3 3"
          width={790}
          x={80}
          x1={80}
          x2={870}
          y={5}
          y1={465}
          y2={465}
        />
        <line
          fill="none"
          height={460}
          offset={
            Object {
              "bottom": 35,
              "brushBottom": 35,
              "height": 460,
              "left": 80,
              "right": 30,
              "top": 5,
              "width": 790,
            }
          }
          stroke="#ccc"
          strokeDasharray="3 3"
          width={790}
          x={80}
          x1={80}
          x2={870}
          y={5}
          y1={350}
          y2={350}
        />
        <line
          fill="none"
          height={460}
          offset={
            Object {
              "bottom": 35,
              "brushBottom": 35,
              "height": 460,
              "left": 80,
              "right": 30,
              "top": 5,
              "width": 790,
            }
          }
          stroke="#ccc"
          strokeDasharray="3 3"
          width={790}
          x={80}
          x1={80}
          x2={870}
          y={5}
          y1={235}
          y2={235}
        />
        <line
          fill="none"
          height={460}
          offset={
            Object {
              "bottom": 35,
              "brushBottom": 35,
              "height": 460,
              "left": 80,
              "right": 30,
              "top": 5,
              "width": 790,
            }
          }
          stroke="#ccc"
          strokeDasharray="3 3"
          width={790}
          x={80}
          x1={80}
          x2={870}
          y={5}
          y1={120}
          y2={120}
        />
        <line
          fill="none"
          height={460}
          offset={
            Object {
              "bottom": 35,
              "brushBottom": 35,
              "height": 460,
              "left": 80,
              "right": 30,
              "top": 5,
              "width": 790,
            }
          }
          stroke="#ccc"
          strokeDasharray="3 3"
          width={790}
          x={80}
          x1={80}
          x2={870}
          y={5}
          y1={5}
          y2={5}
        />
      </g>
      <g
        className="recharts-cartesian-grid-vertical"
      >
        <line
          fill="none"
          height={460}
          offset={
            Object {
              "bottom": 35,
              "brushBottom": 35,
              "height": 460,
              "left": 80,
              "right": 30,
              "top": 5,
              "width": 790,
            }
          }
          stroke="#ccc"
          strokeDasharray="3 3"
          width={790}
          x={80}
          x1={80}
          x2={80}
          y={5}
          y1={5}
          y2={465}
        />
        <line
          fill="none"
          height={460}
          offset={
            Object {
              "bottom": 35,
              "brushBottom": 35,
              "height": 460,
              "left": 80,
              "right": 30,
              "top": 5,
              "width": 790,
            }
          }
          stroke="#ccc"
          strokeDasharray="3 3"
          width={790}
          x={80}
          x1={475}
          x2={475}
          y={5}
          y1={5}
          y2={465}
        />
        <line
          fill="none"
          height={460}
          offset={
            Object {
              "bottom": 35,
              "brushBottom": 35,
              "height": 460,
              "left": 80,
              "right": 30,
              "top": 5,
              "width": 790,
            }
          }
          stroke="#ccc"
          strokeDasharray="3 3"
          width={790}
          x={80}
          x1={870}
          x2={870}
          y={5}
          y1={5}
          y2={465}
        />
      </g>
    </g>
    <g
      className="recharts-layer recharts-cartesian-axis recharts-xAxis xAxis"
    >
      <line
        className="recharts-xAxis xAxis"
        fill="none"
        height={30}
        orientation="bottom"
        stroke="#666"
        type="category"
        viewBox={
          Object {
            "height": 500,
            "width": 900,
            "x": 0,
            "y": 0,
          }
        }
        width={790}
        x={80}
        x1={80}
        x2={870}
        y={465}
        y1={465}
        y2={465}
      />
      <g
        className="recharts-cartesian-axis-ticks"
      >
        <g
          className="recharts-layer recharts-cartesian-axis-tick"
        >
          <line
            className="recharts-xAxis xAxis"
            fill="none"
            height={30}
            orientation="bottom"
            stroke="#666"
            type="category"
            viewBox={
              Object {
                "height": 500,
                "width": 900,
                "x": 0,
                "y": 0,
              }
            }
            width={790}
            x={80}
            x1={80}
            x2={80}
            y={465}
            y1={471}
            y2={465}
          />
          <text
            className="recharts-text recharts-cartesian-axis-tick-value"
            fill="#666"
            height={30}
            orientation="bottom"
            stroke="none"
            textAnchor="middle"
            type="category"
            viewBox={
              Object {
                "height": 500,
                "width": 900,
                "x": 0,
                "y": 0,
              }
            }
            width={790}
            x={80}
            y={473}
          >
            <tspan
              dy="0.71em"
              x={80}
            >
              1
            </tspan>
          </text>
        </g>
        <g
          className="recharts-layer recharts-cartesian-axis-tick"
        >
          <line
            className="recharts-xAxis xAxis"
            fill="none"
            height={30}
            orientation="bottom"
            stroke="#666"
            type="category"
            viewBox={
              Object {
                "height": 500,
                "width": 900,
                "x": 0,
                "y": 0,
              }
            }
            width={790}
            x={80}
            x1={475}
            x2={475}
            y={465}
            y1={471}
            y2={465}
          />
          <text
            className="recharts-text recharts-cartesian-axis-tick-value"
            fill="#666"
            height={30}
            orientation="bottom"
            stroke="none"
            textAnchor="middle"
            type="category"
            viewBox={
              Object {
                "height": 500,
                "width": 900,
                "x": 0,
                "y": 0,
              }
            }
            width={790}
            x={475}
            y={473}
          >
            <tspan
              dy="0.71em"
              x={475}
            >
              2
            </tspan>
          </text>
        </g>
        <g
          className="recharts-layer recharts-cartesian-axis-tick"
        >
          <line
            className="recharts-xAxis xAxis"
            fill="none"
            height={30}
            orientation="bottom"
            stroke="#666"
            type="category"
            viewBox={
              Object {
                "height": 500,
                "width": 900,
                "x": 0,
                "y": 0,
              }
            }
            width={790}
            x={80}
            x1={870}
            x2={870}
            y={465}
            y1={471}
            y2={465}
          />
          <text
            className="recharts-text recharts-cartesian-axis-tick-value"
            fill="#666"
            height={30}
            orientation="bottom"
            stroke="none"
            textAnchor="middle"
            type="category"
            viewBox={
              Object {
                "height": 500,
                "width": 900,
                "x": 0,
                "y": 0,
              }
            }
            width={790}
            x={870}
            y={473}
          >
            <tspan
              dy="0.71em"
              x={870}
            >
              3
            </tspan>
          </text>
        </g>
      </g>
    </g>
    <g
      className="recharts-layer recharts-cartesian-axis recharts-yAxis yAxis"
    >
      <line
        className="recharts-yAxis yAxis"
        fill="none"
        height={460}
        orientation="left"
        stroke="#666"
        type="number"
        viewBox={
          Object {
            "height": 500,
            "width": 900,
            "x": 0,
            "y": 0,
          }
        }
        width={60}
        x={20}
        x1={80}
        x2={80}
        y={5}
        y1={5}
        y2={465}
      />
      <g
        className="recharts-cartesian-axis-ticks"
      >
        <g
          className="recharts-layer recharts-cartesian-axis-tick"
        >
          <line
            className="recharts-yAxis yAxis"
            fill="none"
            height={460}
            orientation="left"
            stroke="#666"
            type="number"
            viewBox={
              Object {
                "height": 500,
                "width": 900,
                "x": 0,
                "y": 0,
              }
            }
            width={60}
            x={20}
            x1={74}
            x2={80}
            y={5}
            y1={465}
            y2={465}
          />
          <text
            className="recharts-text recharts-cartesian-axis-tick-value"
            fill="#666"
            height={460}
            orientation="left"
            stroke="none"
            textAnchor="end"
            type="number"
            viewBox={
              Object {
                "height": 500,
                "width": 900,
                "x": 0,
                "y": 0,
              }
            }
            width={60}
            x={72}
            y={465}
          >
            <tspan
              dy="0.355em"
              x={72}
            >
              0
            </tspan>
          </text>
        </g>
        <g
          className="recharts-layer recharts-cartesian-axis-tick"
        >
          <line
            className="recharts-yAxis yAxis"
            fill="none"
            height={460}
            orientation="left"
            stroke="#666"
            type="number"
            viewBox={
              Object {
                "height": 500,
                "width": 900,
                "x": 0,
                "y": 0,
              }
            }
            width={60}
            x={20}
            x1={74}
            x2={80}
            y={5}
            y1={350}
            y2={350}
          />
          <text
            className="recharts-text recharts-cartesian-axis-tick-value"
            fill="#666"
            height={460}
            orientation="left"
            stroke="none"
            textAnchor="end"
            type="number"
            viewBox={
              Object {
                "height": 500,
                "width": 900,
                "x": 0,
                "y": 0,
              }
            }
            width={60}
            x={72}
            y={350}
          >
            <tspan
              dy="0.355em"
              x={72}
            >
              40
            </tspan>
          </text>
        </g>
        <g
          className="recharts-layer recharts-cartesian-axis-tick"
        >
          <line
            className="recharts-yAxis yAxis"
            fill="none"
            height={460}
            orientation="left"
            stroke="#666"
            type="number"
            viewBox={
              Object {
                "height": 500,
                "width": 900,
                "x": 0,
                "y": 0,
              }
            }
            width={60}
            x={20}
            x1={74}
            x2={80}
            y={5}
            y1={235}
            y2={235}
          />
          <text
            className="recharts-text recharts-cartesian-axis-tick-value"
            fill="#666"
            height={460}
            orientation="left"
            stroke="none"
            textAnchor="end"
            type="number"
            viewBox={
              Object {
                "height": 500,
                "width": 900,
                "x": 0,
                "y": 0,
              }
            }
            width={60}
            x={72}
            y={235}
          >
            <tspan
              dy="0.355em"
              x={72}
            >
              80
            </tspan>
          </text>
        </g>
        <g
          className="recharts-layer recharts-cartesian-axis-tick"
        >
          <line
            className="recharts-yAxis yAxis"
            fill="none"
            height={460}
            orientation="left"
            stroke="#666"
            type="number"
            viewBox={
              Object {
                "height": 500,
                "width": 900,
                "x": 0,
                "y": 0,
              }
            }
            width={60}
            x={20}
            x1={74}
            x2={80}
            y={5}
            y1={120}
            y2={120}
          />
          <text
            className="recharts-text recharts-cartesian-axis-tick-value"
            fill="#666"
            height={460}
            orientation="left"
            stroke="none"
            textAnchor="end"
            type="number"
            viewBox={
              Object {
                "height": 500,
                "width": 900,
                "x": 0,
                "y": 0,
              }
            }
            width={60}
            x={72}
            y={120}
          >
            <tspan
              dy="0.355em"
              x={72}
            >
              120
            </tspan>
          </text>
        </g>
        <g
          className="recharts-layer recharts-cartesian-axis-tick"
        >
          <line
            className="recharts-yAxis yAxis"
            fill="none"
            height={460}
            orientation="left"
            stroke="#666"
            type="number"
            viewBox={
              Object {
                "height": 500,
                "width": 900,
                "x": 0,
                "y": 0,
              }
            }
            width={60}
            x={20}
            x1={74}
            x2={80}
            y={5}
            y1={5}
            y2={5}
          />
          <text
            className="recharts-text recharts-cartesian-axis-tick-value"
            fill="#666"
            height={460}
            orientation="left"
            stroke="none"
            textAnchor="end"
            type="number"
            viewBox={
              Object {
                "height": 500,
                "width": 900,
                "x": 0,
                "y": 0,
              }
            }
            width={60}
            x={72}
            y={5}
          >
            <tspan
              dy="0.355em"
              x={72}
            >
              160
            </tspan>
          </text>
        </g>
      </g>
    </g>
    <g
      className="recharts-layer recharts-line"
    >
      <path
        className="recharts-curve recharts-line-curve"
        clipPath={null}
        d="M80,47.2817549386839C211.66666666666666,126.16535225095217,343.33333333333337,205.04894956322048,475,205.08066553322985C606.6666666666666,205.11238150323922,738.3333333333334,205.12031049574156,870,205.1282394882439"
        fill="none"
        height={460}
        onAnimationEnd={[Function]}
        onAnimationStart={[Function]}
        points={
          Array [
            Object {
              "payload": Object {
                "CAC40": 145.293302630023,
                "NASDAQ": 9.971326761277012,
                "index": 1,
                "timestamp": 1576096456540,
              },
              "value": 145.293302630023,
              "x": 80,
              "y": 47.2817549386839,
            },
            Object {
              "payload": Object {
                "CAC40": 90.40672503192006,
                "NASDAQ": 9.985167754304092,
                "index": 2,
                "timestamp": 1576096457561,
              },
              "value": 90.40672503192006,
              "x": 475,
              "y": 205.08066553322985,
            },
            Object {
              "payload": Object {
                "CAC40": 90.39017756930647,
                "NASDAQ": 9.981823896775474,
                "index": 3,
                "timestamp": 1576096458561,
              },
              "value": 90.39017756930647,
              "x": 870,
              "y": 205.1282394882439,
            },
          ]
        }
        stroke="#8884d8"
        strokeWidth={1}
        type="monotone"
        width={790}
      />
      <g
        className="recharts-layer recharts-line-dots"
        clipPath={null}
      >
        <circle
          className="recharts-dot recharts-line-dot"
          cx={80}
          cy={47.2817549386839}
          fill="#fff"
          height={460}
          points={
            Array [
              Object {
                "payload": Object {
                  "CAC40": 145.293302630023,
                  "NASDAQ": 9.971326761277012,
                  "index": 1,
                  "timestamp": 1576096456540,
                },
                "value": 145.293302630023,
                "x": 80,
                "y": 47.2817549386839,
              },
              Object {
                "payload": Object {
                  "CAC40": 90.40672503192006,
                  "NASDAQ": 9.985167754304092,
                  "index": 2,
                  "timestamp": 1576096457561,
                },
                "value": 90.40672503192006,
                "x": 475,
                "y": 205.08066553322985,
              },
              Object {
                "payload": Object {
                  "CAC40": 90.39017756930647,
                  "NASDAQ": 9.981823896775474,
                  "index": 3,
                  "timestamp": 1576096458561,
                },
                "value": 90.39017756930647,
                "x": 870,
                "y": 205.1282394882439,
              },
            ]
          }
          r={3}
          stroke="#8884d8"
          strokeWidth={1}
          type="monotone"
          width={790}
        />
        <circle
          className="recharts-dot recharts-line-dot"
          cx={475}
          cy={205.08066553322985}
          fill="#fff"
          height={460}
          points={
            Array [
              Object {
                "payload": Object {
                  "CAC40": 145.293302630023,
                  "NASDAQ": 9.971326761277012,
                  "index": 1,
                  "timestamp": 1576096456540,
                },
                "value": 145.293302630023,
                "x": 80,
                "y": 47.2817549386839,
              },
              Object {
                "payload": Object {
                  "CAC40": 90.40672503192006,
                  "NASDAQ": 9.985167754304092,
                  "index": 2,
                  "timestamp": 1576096457561,
                },
                "value": 90.40672503192006,
                "x": 475,
                "y": 205.08066553322985,
              },
              Object {
                "payload": Object {
                  "CAC40": 90.39017756930647,
                  "NASDAQ": 9.981823896775474,
                  "index": 3,
                  "timestamp": 1576096458561,
                },
                "value": 90.39017756930647,
                "x": 870,
                "y": 205.1282394882439,
              },
            ]
          }
          r={3}
          stroke="#8884d8"
          strokeWidth={1}
          type="monotone"
          width={790}
        />
        <circle
          className="recharts-dot recharts-line-dot"
          cx={870}
          cy={205.1282394882439}
          fill="#fff"
          height={460}
          points={
            Array [
              Object {
                "payload": Object {
                  "CAC40": 145.293302630023,
                  "NASDAQ": 9.971326761277012,
                  "index": 1,
                  "timestamp": 1576096456540,
                },
                "value": 145.293302630023,
                "x": 80,
                "y": 47.2817549386839,
              },
              Object {
                "payload": Object {
                  "CAC40": 90.40672503192006,
                  "NASDAQ": 9.985167754304092,
                  "index": 2,
                  "timestamp": 1576096457561,
                },
                "value": 90.40672503192006,
                "x": 475,
                "y": 205.08066553322985,
              },
              Object {
                "payload": Object {
                  "CAC40": 90.39017756930647,
                  "NASDAQ": 9.981823896775474,
                  "index": 3,
                  "timestamp": 1576096458561,
                },
                "value": 90.39017756930647,
                "x": 870,
                "y": 205.1282394882439,
              },
            ]
          }
          r={3}
          stroke="#8884d8"
          strokeWidth={1}
          type="monotone"
          width={790}
        />
      </g>
    </g>
    <g
      className="recharts-layer recharts-line"
    >
      <path
        className="recharts-curve recharts-line-curve"
        clipPath={null}
        d="M80,436.33243556132857C211.66666666666666,436.31253913385217,343.33333333333337,436.2926427063757,475,436.2926427063757C606.6666666666666,436.2926427063757,738.3333333333334,436.2974495015731,870,436.3022562967705"
        fill="none"
        height={460}
        onAnimationEnd={[Function]}
        onAnimationStart={[Function]}
        points={
          Array [
            Object {
              "payload": Object {
                "CAC40": 145.293302630023,
                "NASDAQ": 9.971326761277012,
                "index": 1,
                "timestamp": 1576096456540,
              },
              "value": 9.971326761277012,
              "x": 80,
              "y": 436.33243556132857,
            },
            Object {
              "payload": Object {
                "CAC40": 90.40672503192006,
                "NASDAQ": 9.985167754304092,
                "index": 2,
                "timestamp": 1576096457561,
              },
              "value": 9.985167754304092,
              "x": 475,
              "y": 436.2926427063757,
            },
            Object {
              "payload": Object {
                "CAC40": 90.39017756930647,
                "NASDAQ": 9.981823896775474,
                "index": 3,
                "timestamp": 1576096458561,
              },
              "value": 9.981823896775474,
              "x": 870,
              "y": 436.3022562967705,
            },
          ]
        }
        stroke="#82ca9d"
        strokeWidth={1}
        type="monotone"
        width={790}
      />
      <g
        className="recharts-layer recharts-line-dots"
        clipPath={null}
      >
        <circle
          className="recharts-dot recharts-line-dot"
          cx={80}
          cy={436.33243556132857}
          fill="#fff"
          height={460}
          points={
            Array [
              Object {
                "payload": Object {
                  "CAC40": 145.293302630023,
                  "NASDAQ": 9.971326761277012,
                  "index": 1,
                  "timestamp": 1576096456540,
                },
                "value": 9.971326761277012,
                "x": 80,
                "y": 436.33243556132857,
              },
              Object {
                "payload": Object {
                  "CAC40": 90.40672503192006,
                  "NASDAQ": 9.985167754304092,
                  "index": 2,
                  "timestamp": 1576096457561,
                },
                "value": 9.985167754304092,
                "x": 475,
                "y": 436.2926427063757,
              },
              Object {
                "payload": Object {
                  "CAC40": 90.39017756930647,
                  "NASDAQ": 9.981823896775474,
                  "index": 3,
                  "timestamp": 1576096458561,
                },
                "value": 9.981823896775474,
                "x": 870,
                "y": 436.3022562967705,
              },
            ]
          }
          r={3}
          stroke="#82ca9d"
          strokeWidth={1}
          type="monotone"
          width={790}
        />
        <circle
          className="recharts-dot recharts-line-dot"
          cx={475}
          cy={436.2926427063757}
          fill="#fff"
          height={460}
          points={
            Array [
              Object {
                "payload": Object {
                  "CAC40": 145.293302630023,
                  "NASDAQ": 9.971326761277012,
                  "index": 1,
                  "timestamp": 1576096456540,
                },
                "value": 9.971326761277012,
                "x": 80,
                "y": 436.33243556132857,
              },
              Object {
                "payload": Object {
                  "CAC40": 90.40672503192006,
                  "NASDAQ": 9.985167754304092,
                  "index": 2,
                  "timestamp": 1576096457561,
                },
                "value": 9.985167754304092,
                "x": 475,
                "y": 436.2926427063757,
              },
              Object {
                "payload": Object {
                  "CAC40": 90.39017756930647,
                  "NASDAQ": 9.981823896775474,
                  "index": 3,
                  "timestamp": 1576096458561,
                },
                "value": 9.981823896775474,
                "x": 870,
                "y": 436.3022562967705,
              },
            ]
          }
          r={3}
          stroke="#82ca9d"
          strokeWidth={1}
          type="monotone"
          width={790}
        />
        <circle
          className="recharts-dot recharts-line-dot"
          cx={870}
          cy={436.3022562967705}
          fill="#fff"
          height={460}
          points={
            Array [
              Object {
                "payload": Object {
                  "CAC40": 145.293302630023,
                  "NASDAQ": 9.971326761277012,
                  "index": 1,
                  "timestamp": 1576096456540,
                },
                "value": 9.971326761277012,
                "x": 80,
                "y": 436.33243556132857,
              },
              Object {
                "payload": Object {
                  "CAC40": 90.40672503192006,
                  "NASDAQ": 9.985167754304092,
                  "index": 2,
                  "timestamp": 1576096457561,
                },
                "value": 9.985167754304092,
                "x": 475,
                "y": 436.2926427063757,
              },
              Object {
                "payload": Object {
                  "CAC40": 90.39017756930647,
                  "NASDAQ": 9.981823896775474,
                  "index": 3,
                  "timestamp": 1576096458561,
                },
                "value": 9.981823896775474,
                "x": 870,
                "y": 436.3022562967705,
              },
            ]
          }
          r={3}
          stroke="#82ca9d"
          strokeWidth={1}
          type="monotone"
          width={790}
        />
      </g>
    </g>
  </svg>
  <div
    className="recharts-legend-wrapper"
    style={
      Object {
        "bottom": 5,
        "height": "auto",
        "left": 20,
        "position": "absolute",
        "width": 850,
      }
    }
  >
    <ul
      className="recharts-default-legend"
      style={
        Object {
          "margin": 0,
          "padding": 0,
          "textAlign": "center",
        }
      }
    >
      <li
        className="recharts-legend-item legend-item-0"
        style={
          Object {
            "display": "inline-block",
            "marginRight": 10,
          }
        }
      >
        <svg
          className="recharts-surface"
          height={14}
          style={
            Object {
              "display": "inline-block",
              "marginRight": 4,
              "verticalAlign": "middle",
            }
          }
          version="1.1"
          viewBox="0 0 32 32"
          width={14}
        >
          <path
            className="recharts-legend-icon"
            d="M0,16h10.666666666666666
            A5.333333333333333,5.333333333333333,0,1,1,21.333333333333332,16
            H32M21.333333333333332,16
            A5.333333333333333,5.333333333333333,0,1,1,10.666666666666666,16"
            fill="none"
            stroke="#8884d8"
            strokeWidth={4}
          />
        </svg>
        <span
          className="recharts-legend-item-text"
        >
          CAC40
        </span>
      </li>
      <li
        className="recharts-legend-item legend-item-1"
        style={
          Object {
            "display": "inline-block",
            "marginRight": 10,
          }
        }
      >
        <svg
          className="recharts-surface"
          height={14}
          style={
            Object {
              "display": "inline-block",
              "marginRight": 4,
              "verticalAlign": "middle",
            }
          }
          version="1.1"
          viewBox="0 0 32 32"
          width={14}
        >
          <path
            className="recharts-legend-icon"
            d="M0,16h10.666666666666666
            A5.333333333333333,5.333333333333333,0,1,1,21.333333333333332,16
            H32M21.333333333333332,16
            A5.333333333333333,5.333333333333333,0,1,1,10.666666666666666,16"
            fill="none"
            stroke="#82ca9d"
            strokeWidth={4}
          />
        </svg>
        <span
          className="recharts-legend-item-text"
        >
          NASDAQ
        </span>
      </li>
    </ul>
  </div>
  <div
    className="recharts-tooltip-wrapper"
    style={
      Object {
        "MozTransform": "translate(undefinedpx, undefinedpx)",
        "OTransform": "translate(undefinedpx, undefinedpx)",
        "WebkitTransform": "translate(undefinedpx, undefinedpx)",
        "msTransform": "translate(undefinedpx, undefinedpx)",
        "pointerEvents": "none",
        "position": "absolute",
        "top": 0,
        "transform": "translate(undefinedpx, undefinedpx)",
        "visibility": "hidden",
      }
    }
  >
    <div
      className="recharts-default-tooltip"
      style={
        Object {
          "backgroundColor": "#fff",
          "border": "1px solid #ccc",
          "margin": 0,
          "padding": 10,
          "whiteSpace": "nowrap",
        }
      }
    >
      <p
        className="recharts-tooltip-label"
        style={
          Object {
            "margin": 0,
          }
        }
      >
        
      </p>
    </div>
  </div>
</div>
`;
